01 第二问实测结果总览
02 训练与验证的情感类别分布
03 情感强度分布与中性点质量
04 有效序列长度分布
05 内容范围内的操作性观测可用率
06 验证样本的观测状态图
07 人工连续缺失的输入状态示例
08 主要模型：完整输入四项指标
09 主要模型：预设选模条件四项指标
10 主要模型：27种缺失条件四项指标
11 全部模型与消融：选模指标分布
12 状态递推模型的控制变量消融
13 预测精度与回归误差的权衡
14 模型规模与本轮运行成本
15 训练损失曲线
16 验证选模指标随训练变化
17 验证回归误差随训练变化
18 19次运行的选定轮次与停止轮次
19 分类混淆矩阵：样本计数
20 分类混淆矩阵：按真实类别归一化
21 各类别的精确率、召回率与F1
22 分类概率分布与预测置信度
23 预测概率可靠性诊断
24 三分类一对其余ROC曲线
25 三分类一对其余PR曲线
26 中性类别：真实样本去向与预测来源
27 情感强度：预测值与真实值
28 回归残差与误差累积分布
29 残差随真实强度与预测强度变化
30 不同真实强度区间的分类与回归表现
31 按真实类别分组的回归误差
32 分类输出与回归符号的一致性
33 主要模型的缺失比例响应：Accuracy ↑
34 主要模型的缺失比例响应：Macro-F1 ↑
35 主要模型的缺失比例响应：MAE ↓
36 主要模型的缺失比例响应：Pearson ↑
37 最终集成：缺失比例×位置的Accuracy ↑
38 最终集成：缺失比例×位置的Macro-F1 ↑
39 最终集成：缺失比例×位置的MAE ↓
40 最终集成：缺失比例×位置的Pearson ↑
41 相对完整输入的变化：Macro-F1 ↑
42 相对完整输入的变化：MAE ↓
43 五种主要模型的27条件矩阵：Macro-F1 ↑
44 五种主要模型的27条件矩阵：MAE ↓
45 同步、错位与双块缺失的扩展评价
46 单样本预测受30%中部缺失的影响
47 目标遮挡比例与实际移除观测比例
48 状态递推与GRU：配对分组Bootstrap差值
49 最终MLP：单次训练与三种子集成
50 按内容序列长度分层的误差
51 附件3：预测类别与强度分布
52 附件3：30条样本的情感强度预测
53 附件3：每条样本的三类预测概率
54 附件3：预测分歧与置信度诊断
C01 验证样本诊断 · 266791$_$14
C02 验证样本诊断 · _gzYkdjNvPc$_$3
C03 验证样本诊断 · tXQpm-nKxNA$_$5
C04 验证样本诊断 · 102858$_$4
C05 验证样本诊断 · 121128$_$5
C06 验证样本诊断 · 102858$_$6
C07 验证样本诊断 · HmXXW45eZL4$_$4
C08 验证样本诊断 · 188343$_$13
C09 验证样本诊断 · x2lOwQaAn4g$_$4
C10 验证样本诊断 · 270254$_$14
C11 附件3预测卡片 · 附件3_01
C12 附件3预测卡片 · 附件3_02
C13 附件3预测卡片 · 附件3_03
C14 附件3预测卡片 · 附件3_04
C15 附件3预测卡片 · 附件3_05
C16 附件3预测卡片 · 附件3_06
C17 附件3预测卡片 · 附件3_07
C18 附件3预测卡片 · 附件3_08
C19 附件3预测卡片 · 附件3_09
C20 附件3预测卡片 · 附件3_10
C21 附件3预测卡片 · 附件3_11
C22 附件3预测卡片 · 附件3_12
C23 附件3预测卡片 · 附件3_13
C24 附件3预测卡片 · 附件3_14
C25 附件3预测卡片 · 附件3_15
C26 附件3预测卡片 · 附件3_16
C27 附件3预测卡片 · 附件3_17
C28 附件3预测卡片 · 附件3_18
C29 附件3预测卡片 · 附件3_19
C30 附件3预测卡片 · 附件3_20
C31 附件3预测卡片 · 附件3_21
C32 附件3预测卡片 · 附件3_22
C33 附件3预测卡片 · 附件3_23
C34 附件3预测卡片 · 附件3_24
C35 附件3预测卡片 · 附件3_25
C36 附件3预测卡片 · 附件3_26
C37 附件3预测卡片 · 附件3_27
C38 附件3预测卡片 · 附件3_28
C39 附件3预测卡片 · 附件3_29
C40 附件3预测卡片 · 附件3_30
{"figures": 54, "cards": 40, "zip": "/home/daji/users/dinglina/projects/E/q2/results/第二问可视化图集_全套.zip", "zip_MB": 26.96}
