gru_clean_seed17 epoch=1 loss=1.4753 clean_F1=0.3781 robust_select_F1=0.3723 MAE=0.7155 seconds=2.7
gru_clean_seed17 epoch=2 loss=1.2659 clean_F1=0.4456 robust_select_F1=0.4399 MAE=0.6890 seconds=4.5
gru_clean_seed17 epoch=3 loss=1.2057 clean_F1=0.5189 robust_select_F1=0.5110 MAE=0.6765 seconds=6.6
gru_clean_seed17 epoch=4 loss=1.1594 clean_F1=0.5140 robust_select_F1=0.5175 MAE=0.6724 seconds=8.8
gru_clean_seed17 epoch=5 loss=1.1226 clean_F1=0.5039 robust_select_F1=0.5076 MAE=0.6740 seconds=10.9
gru_clean_seed17 epoch=6 loss=1.0874 clean_F1=0.5139 robust_select_F1=0.5176 MAE=0.6682 seconds=13.0
gru_clean_seed17 epoch=7 loss=1.0724 clean_F1=0.5241 robust_select_F1=0.5229 MAE=0.6745 seconds=14.8
gru_clean_seed17 epoch=8 loss=1.0475 clean_F1=0.5199 robust_select_F1=0.5265 MAE=0.6750 seconds=16.9
gru_clean_seed17 epoch=9 loss=1.0361 clean_F1=0.5182 robust_select_F1=0.5155 MAE=0.6732 seconds=19.0
gru_clean_seed17 epoch=10 loss=0.9977 clean_F1=0.4987 robust_select_F1=0.4936 MAE=0.7098 seconds=21.3
gru_clean_seed17 epoch=11 loss=0.9709 clean_F1=0.5204 robust_select_F1=0.5205 MAE=0.6896 seconds=23.5
gru_clean_seed17 epoch=12 loss=0.9764 clean_F1=0.5122 robust_select_F1=0.5132 MAE=0.6806 seconds=25.6
gru_clean_seed17 epoch=13 loss=0.9303 clean_F1=0.5304 robust_select_F1=0.5377 MAE=0.6877 seconds=28.0
gru_clean_seed17 epoch=14 loss=0.8954 clean_F1=0.5109 robust_select_F1=0.5164 MAE=0.6821 seconds=30.0
gru_clean_seed17 epoch=15 loss=0.8709 clean_F1=0.5267 robust_select_F1=0.5254 MAE=0.6818 seconds=32.0
gru_clean_seed17 epoch=16 loss=0.8483 clean_F1=0.5147 robust_select_F1=0.5133 MAE=0.7019 seconds=34.2
gru_clean_seed17 epoch=17 loss=0.8298 clean_F1=0.4998 robust_select_F1=0.4986 MAE=0.7023 seconds=36.3
gru_clean_seed17 epoch=18 loss=0.8279 clean_F1=0.4726 robust_select_F1=0.4774 MAE=0.7307 seconds=38.3
gru_clean_seed17 epoch=19 loss=0.7913 clean_F1=0.4941 robust_select_F1=0.5067 MAE=0.7142 seconds=40.2
Completed gru_clean_seed17
gru_aug_seed17 epoch=1 loss=1.4850 clean_F1=0.3834 robust_select_F1=0.3756 MAE=0.7164 seconds=2.1
gru_aug_seed17 epoch=2 loss=1.2916 clean_F1=0.4332 robust_select_F1=0.4252 MAE=0.6886 seconds=4.2
gru_aug_seed17 epoch=3 loss=1.2363 clean_F1=0.5088 robust_select_F1=0.5006 MAE=0.6785 seconds=6.4
gru_aug_seed17 epoch=4 loss=1.2014 clean_F1=0.5196 robust_select_F1=0.5090 MAE=0.6724 seconds=8.3
gru_aug_seed17 epoch=5 loss=1.1624 clean_F1=0.5128 robust_select_F1=0.5062 MAE=0.6741 seconds=10.2
gru_aug_seed17 epoch=6 loss=1.1349 clean_F1=0.5210 robust_select_F1=0.5116 MAE=0.6717 seconds=12.0
gru_aug_seed17 epoch=7 loss=1.1196 clean_F1=0.5208 robust_select_F1=0.5192 MAE=0.6832 seconds=13.9
gru_aug_seed17 epoch=8 loss=1.1015 clean_F1=0.5485 robust_select_F1=0.5353 MAE=0.6673 seconds=15.8
gru_aug_seed17 epoch=9 loss=1.0987 clean_F1=0.4941 robust_select_F1=0.4881 MAE=0.6835 seconds=17.7
gru_aug_seed17 epoch=10 loss=1.0723 clean_F1=0.5122 robust_select_F1=0.5067 MAE=0.6950 seconds=19.7
gru_aug_seed17 epoch=11 loss=1.0501 clean_F1=0.4897 robust_select_F1=0.4834 MAE=0.6882 seconds=22.0
gru_aug_seed17 epoch=12 loss=1.0441 clean_F1=0.5165 robust_select_F1=0.5132 MAE=0.6775 seconds=24.1
gru_aug_seed17 epoch=13 loss=1.0114 clean_F1=0.5448 robust_select_F1=0.5344 MAE=0.6805 seconds=26.0
gru_aug_seed17 epoch=14 loss=0.9954 clean_F1=0.5070 robust_select_F1=0.5068 MAE=0.6790 seconds=27.9
Completed gru_aug_seed17
mlp_seed17 epoch=1 loss=1.4377 clean_F1=0.4133 robust_select_F1=0.4037 MAE=0.7107 seconds=1.0
mlp_seed17 epoch=2 loss=1.2736 clean_F1=0.4514 robust_select_F1=0.4472 MAE=0.6878 seconds=2.0
mlp_seed17 epoch=3 loss=1.2396 clean_F1=0.5121 robust_select_F1=0.5101 MAE=0.6763 seconds=3.0
mlp_seed17 epoch=4 loss=1.2096 clean_F1=0.4957 robust_select_F1=0.4967 MAE=0.6728 seconds=3.9
mlp_seed17 epoch=5 loss=1.1872 clean_F1=0.5199 robust_select_F1=0.5101 MAE=0.6691 seconds=4.8
mlp_seed17 epoch=6 loss=1.1462 clean_F1=0.5213 robust_select_F1=0.5181 MAE=0.6657 seconds=5.8
mlp_seed17 epoch=7 loss=1.1706 clean_F1=0.5135 robust_select_F1=0.5165 MAE=0.6803 seconds=6.7
mlp_seed17 epoch=8 loss=1.1281 clean_F1=0.5530 robust_select_F1=0.5466 MAE=0.6750 seconds=7.6
mlp_seed17 epoch=9 loss=1.1402 clean_F1=0.4997 robust_select_F1=0.4988 MAE=0.6735 seconds=8.5
mlp_seed17 epoch=10 loss=1.1286 clean_F1=0.4746 robust_select_F1=0.4791 MAE=0.6953 seconds=9.4
mlp_seed17 epoch=11 loss=1.0964 clean_F1=0.4748 robust_select_F1=0.4769 MAE=0.6805 seconds=10.3
mlp_seed17 epoch=12 loss=1.1216 clean_F1=0.5258 robust_select_F1=0.5190 MAE=0.6699 seconds=11.2
mlp_seed17 epoch=13 loss=1.0757 clean_F1=0.5446 robust_select_F1=0.5402 MAE=0.6682 seconds=12.1
mlp_seed17 epoch=14 loss=1.0579 clean_F1=0.5144 robust_select_F1=0.5092 MAE=0.6687 seconds=13.0
Completed mlp_seed17
text_seed17 epoch=1 loss=1.4234 clean_F1=0.4119 robust_select_F1=0.4134 MAE=0.7013 seconds=0.9
text_seed17 epoch=2 loss=1.3022 clean_F1=0.4287 robust_select_F1=0.4239 MAE=0.6962 seconds=1.9
text_seed17 epoch=3 loss=1.2805 clean_F1=0.5062 robust_select_F1=0.4996 MAE=0.6852 seconds=2.8
text_seed17 epoch=4 loss=1.2615 clean_F1=0.4794 robust_select_F1=0.4738 MAE=0.6795 seconds=3.6
text_seed17 epoch=5 loss=1.2442 clean_F1=0.4796 robust_select_F1=0.4751 MAE=0.6872 seconds=4.5
text_seed17 epoch=6 loss=1.2140 clean_F1=0.4945 robust_select_F1=0.4900 MAE=0.6919 seconds=5.4
text_seed17 epoch=7 loss=1.2348 clean_F1=0.5195 robust_select_F1=0.5090 MAE=0.6904 seconds=6.3
text_seed17 epoch=8 loss=1.2121 clean_F1=0.5555 robust_select_F1=0.5466 MAE=0.6823 seconds=7.2
text_seed17 epoch=9 loss=1.2200 clean_F1=0.4986 robust_select_F1=0.4926 MAE=0.6761 seconds=8.1
text_seed17 epoch=10 loss=1.2100 clean_F1=0.4793 robust_select_F1=0.4740 MAE=0.7152 seconds=8.9
text_seed17 epoch=11 loss=1.1932 clean_F1=0.4734 robust_select_F1=0.4618 MAE=0.7052 seconds=9.9
text_seed17 epoch=12 loss=1.2014 clean_F1=0.5168 robust_select_F1=0.5101 MAE=0.6742 seconds=10.8
text_seed17 epoch=13 loss=1.1788 clean_F1=0.5261 robust_select_F1=0.5195 MAE=0.6730 seconds=11.7
text_seed17 epoch=14 loss=1.1664 clean_F1=0.5140 robust_select_F1=0.5065 MAE=0.6722 seconds=12.6
Completed text_seed17
gru_aug_seed29 epoch=1 loss=1.4901 clean_F1=0.4036 robust_select_F1=0.3978 MAE=0.7191 seconds=1.9
gru_aug_seed29 epoch=2 loss=1.2905 clean_F1=0.4239 robust_select_F1=0.4215 MAE=0.6816 seconds=3.8
gru_aug_seed29 epoch=3 loss=1.2246 clean_F1=0.4392 robust_select_F1=0.4396 MAE=0.6714 seconds=5.7
gru_aug_seed29 epoch=4 loss=1.1961 clean_F1=0.4987 robust_select_F1=0.4905 MAE=0.6740 seconds=7.7
gru_aug_seed29 epoch=5 loss=1.1700 clean_F1=0.5255 robust_select_F1=0.5276 MAE=0.6691 seconds=9.5
gru_aug_seed29 epoch=6 loss=1.1555 clean_F1=0.5331 robust_select_F1=0.5218 MAE=0.6771 seconds=11.5
gru_aug_seed29 epoch=7 loss=1.1279 clean_F1=0.4912 robust_select_F1=0.4911 MAE=0.6926 seconds=13.4
gru_aug_seed29 epoch=8 loss=1.1208 clean_F1=0.5296 robust_select_F1=0.5211 MAE=0.6755 seconds=15.3
gru_aug_seed29 epoch=9 loss=1.0884 clean_F1=0.5120 robust_select_F1=0.5063 MAE=0.6860 seconds=17.5
gru_aug_seed29 epoch=10 loss=1.0860 clean_F1=0.5182 robust_select_F1=0.5065 MAE=0.6947 seconds=19.6
gru_aug_seed29 epoch=11 loss=1.0571 clean_F1=0.4898 robust_select_F1=0.4895 MAE=0.6893 seconds=21.8
Completed gru_aug_seed29
gru_aug_seed43 epoch=1 loss=1.4485 clean_F1=0.4026 robust_select_F1=0.4035 MAE=0.7036 seconds=1.9
gru_aug_seed43 epoch=2 loss=1.2866 clean_F1=0.4541 robust_select_F1=0.4495 MAE=0.6782 seconds=3.8
gru_aug_seed43 epoch=3 loss=1.2285 clean_F1=0.5004 robust_select_F1=0.4961 MAE=0.6788 seconds=5.8
gru_aug_seed43 epoch=4 loss=1.2040 clean_F1=0.5184 robust_select_F1=0.5142 MAE=0.6674 seconds=7.7
gru_aug_seed43 epoch=5 loss=1.1655 clean_F1=0.5328 robust_select_F1=0.5226 MAE=0.6588 seconds=9.7
gru_aug_seed43 epoch=6 loss=1.1285 clean_F1=0.5260 robust_select_F1=0.5221 MAE=0.6657 seconds=11.7
gru_aug_seed43 epoch=7 loss=1.1051 clean_F1=0.4894 robust_select_F1=0.4914 MAE=0.7041 seconds=13.8
gru_aug_seed43 epoch=8 loss=1.1034 clean_F1=0.5097 robust_select_F1=0.5041 MAE=0.6792 seconds=15.8
gru_aug_seed43 epoch=9 loss=1.0684 clean_F1=0.4999 robust_select_F1=0.5023 MAE=0.6694 seconds=17.9
gru_aug_seed43 epoch=10 loss=1.0476 clean_F1=0.5002 robust_select_F1=0.4983 MAE=0.6763 seconds=19.9
gru_aug_seed43 epoch=11 loss=1.0322 clean_F1=0.5015 robust_select_F1=0.5048 MAE=0.6787 seconds=21.8
Completed gru_aug_seed43
mlp_seed29 epoch=1 loss=1.4585 clean_F1=0.4393 robust_select_F1=0.4331 MAE=0.7180 seconds=1.0
mlp_seed29 epoch=2 loss=1.2641 clean_F1=0.5245 robust_select_F1=0.5174 MAE=0.6888 seconds=2.0
mlp_seed29 epoch=3 loss=1.2111 clean_F1=0.5261 robust_select_F1=0.5220 MAE=0.6781 seconds=3.0
mlp_seed29 epoch=4 loss=1.1989 clean_F1=0.5359 robust_select_F1=0.5285 MAE=0.6768 seconds=4.0
mlp_seed29 epoch=5 loss=1.1881 clean_F1=0.5458 robust_select_F1=0.5422 MAE=0.6715 seconds=5.0
mlp_seed29 epoch=6 loss=1.1700 clean_F1=0.5497 robust_select_F1=0.5412 MAE=0.6757 seconds=6.0
mlp_seed29 epoch=7 loss=1.1593 clean_F1=0.5096 robust_select_F1=0.5020 MAE=0.6707 seconds=7.0
mlp_seed29 epoch=8 loss=1.1479 clean_F1=0.5440 robust_select_F1=0.5341 MAE=0.6746 seconds=8.0
mlp_seed29 epoch=9 loss=1.1353 clean_F1=0.5088 robust_select_F1=0.5014 MAE=0.6894 seconds=8.9
mlp_seed29 epoch=10 loss=1.1321 clean_F1=0.5103 robust_select_F1=0.5094 MAE=0.6967 seconds=9.8
mlp_seed29 epoch=11 loss=1.1107 clean_F1=0.4975 robust_select_F1=0.4890 MAE=0.6921 seconds=10.7
Completed mlp_seed29
mlp_seed43 epoch=1 loss=1.4274 clean_F1=0.3918 robust_select_F1=0.3916 MAE=0.7113 seconds=0.9
mlp_seed43 epoch=2 loss=1.2824 clean_F1=0.4856 robust_select_F1=0.4890 MAE=0.6789 seconds=1.8
mlp_seed43 epoch=3 loss=1.2217 clean_F1=0.5065 robust_select_F1=0.4981 MAE=0.6761 seconds=2.8
mlp_seed43 epoch=4 loss=1.2057 clean_F1=0.5198 robust_select_F1=0.5138 MAE=0.6730 seconds=3.7
mlp_seed43 epoch=5 loss=1.1788 clean_F1=0.5223 robust_select_F1=0.5194 MAE=0.6633 seconds=4.7
mlp_seed43 epoch=6 loss=1.1637 clean_F1=0.5199 robust_select_F1=0.5199 MAE=0.6727 seconds=5.7
mlp_seed43 epoch=7 loss=1.1438 clean_F1=0.4839 robust_select_F1=0.4856 MAE=0.6897 seconds=6.6
mlp_seed43 epoch=8 loss=1.1394 clean_F1=0.5271 robust_select_F1=0.5268 MAE=0.6735 seconds=7.5
mlp_seed43 epoch=9 loss=1.1241 clean_F1=0.5259 robust_select_F1=0.5289 MAE=0.6707 seconds=8.4
mlp_seed43 epoch=10 loss=1.1064 clean_F1=0.4952 robust_select_F1=0.4939 MAE=0.6890 seconds=9.4
mlp_seed43 epoch=11 loss=1.0891 clean_F1=0.5189 robust_select_F1=0.5194 MAE=0.6740 seconds=10.3
mlp_seed43 epoch=12 loss=1.0870 clean_F1=0.4612 robust_select_F1=0.4649 MAE=0.6804 seconds=11.2
mlp_seed43 epoch=13 loss=1.0743 clean_F1=0.4531 robust_select_F1=0.4558 MAE=0.7261 seconds=12.1
mlp_seed43 epoch=14 loss=1.0787 clean_F1=0.5340 robust_select_F1=0.5288 MAE=0.6670 seconds=13.0
mlp_seed43 epoch=15 loss=1.0448 clean_F1=0.5171 robust_select_F1=0.5140 MAE=0.6872 seconds=13.9
Completed mlp_seed43
