state_aug_seed17 epoch=1 loss=1.4767 clean_F1=0.3701 robust_select_F1=0.3754 MAE=0.7125 seconds=2.5
state_aug_seed17 epoch=2 loss=1.2933 clean_F1=0.4394 robust_select_F1=0.4345 MAE=0.6846 seconds=5.2
state_aug_seed17 epoch=3 loss=1.2316 clean_F1=0.4712 robust_select_F1=0.4753 MAE=0.6795 seconds=7.9
state_aug_seed17 epoch=4 loss=1.1996 clean_F1=0.5149 robust_select_F1=0.5100 MAE=0.6700 seconds=10.5
state_aug_seed17 epoch=5 loss=1.1742 clean_F1=0.5028 robust_select_F1=0.5033 MAE=0.6705 seconds=13.1
state_aug_seed17 epoch=6 loss=1.1411 clean_F1=0.5083 robust_select_F1=0.5115 MAE=0.6782 seconds=15.5
state_aug_seed17 epoch=7 loss=1.1361 clean_F1=0.5210 robust_select_F1=0.5176 MAE=0.6847 seconds=18.1
state_aug_seed17 epoch=8 loss=1.1034 clean_F1=0.5358 robust_select_F1=0.5352 MAE=0.6651 seconds=20.6
state_aug_seed17 epoch=9 loss=1.1030 clean_F1=0.5148 robust_select_F1=0.5095 MAE=0.6743 seconds=23.0
state_aug_seed17 epoch=10 loss=1.0727 clean_F1=0.5136 robust_select_F1=0.5055 MAE=0.6982 seconds=25.5
state_aug_seed17 epoch=11 loss=1.0580 clean_F1=0.4968 robust_select_F1=0.4926 MAE=0.6815 seconds=28.0
state_aug_seed17 epoch=12 loss=1.0500 clean_F1=0.4997 robust_select_F1=0.4951 MAE=0.6814 seconds=30.3
state_aug_seed17 epoch=13 loss=1.0247 clean_F1=0.5287 robust_select_F1=0.5240 MAE=0.6752 seconds=32.5
state_aug_seed17 epoch=14 loss=1.0073 clean_F1=0.5118 robust_select_F1=0.5089 MAE=0.6806 seconds=35.0
Completed state_aug_seed17
state_clean_seed17 epoch=1 loss=1.4644 clean_F1=0.3907 robust_select_F1=0.3915 MAE=0.7120 seconds=2.3
state_clean_seed17 epoch=2 loss=1.2689 clean_F1=0.4505 robust_select_F1=0.4487 MAE=0.6874 seconds=4.5
state_clean_seed17 epoch=3 loss=1.1997 clean_F1=0.4951 robust_select_F1=0.4972 MAE=0.6778 seconds=6.8
state_clean_seed17 epoch=4 loss=1.1598 clean_F1=0.5130 robust_select_F1=0.5232 MAE=0.6738 seconds=9.1
state_clean_seed17 epoch=5 loss=1.1325 clean_F1=0.5111 robust_select_F1=0.5147 MAE=0.6749 seconds=11.5
state_clean_seed17 epoch=6 loss=1.0926 clean_F1=0.5161 robust_select_F1=0.5211 MAE=0.6786 seconds=13.9
state_clean_seed17 epoch=7 loss=1.0965 clean_F1=0.5302 robust_select_F1=0.5238 MAE=0.6746 seconds=16.3
state_clean_seed17 epoch=8 loss=1.0601 clean_F1=0.5440 robust_select_F1=0.5286 MAE=0.6717 seconds=18.7
state_clean_seed17 epoch=9 loss=1.0466 clean_F1=0.5132 robust_select_F1=0.5115 MAE=0.6787 seconds=21.0
state_clean_seed17 epoch=10 loss=1.0166 clean_F1=0.5192 robust_select_F1=0.5143 MAE=0.7035 seconds=23.5
state_clean_seed17 epoch=11 loss=0.9898 clean_F1=0.5149 robust_select_F1=0.5127 MAE=0.6790 seconds=25.8
state_clean_seed17 epoch=12 loss=0.9886 clean_F1=0.5063 robust_select_F1=0.5106 MAE=0.6790 seconds=28.3
state_clean_seed17 epoch=13 loss=0.9552 clean_F1=0.5243 robust_select_F1=0.5133 MAE=0.6882 seconds=30.8
state_clean_seed17 epoch=14 loss=0.9283 clean_F1=0.5154 robust_select_F1=0.5097 MAE=0.6813 seconds=33.2
Completed state_clean_seed17
state_no_gap_seed17 epoch=1 loss=1.4766 clean_F1=0.3701 robust_select_F1=0.3752 MAE=0.7124 seconds=2.6
state_no_gap_seed17 epoch=2 loss=1.2933 clean_F1=0.4404 robust_select_F1=0.4348 MAE=0.6845 seconds=5.0
state_no_gap_seed17 epoch=3 loss=1.2316 clean_F1=0.4712 robust_select_F1=0.4750 MAE=0.6796 seconds=7.4
state_no_gap_seed17 epoch=4 loss=1.1997 clean_F1=0.5149 robust_select_F1=0.5099 MAE=0.6701 seconds=9.8
state_no_gap_seed17 epoch=5 loss=1.1746 clean_F1=0.5028 robust_select_F1=0.5035 MAE=0.6706 seconds=12.2
state_no_gap_seed17 epoch=6 loss=1.1417 clean_F1=0.5098 robust_select_F1=0.5117 MAE=0.6788 seconds=14.7
state_no_gap_seed17 epoch=7 loss=1.1368 clean_F1=0.5210 robust_select_F1=0.5175 MAE=0.6851 seconds=17.2
state_no_gap_seed17 epoch=8 loss=1.1045 clean_F1=0.5358 robust_select_F1=0.5329 MAE=0.6654 seconds=19.6
state_no_gap_seed17 epoch=9 loss=1.1043 clean_F1=0.5131 robust_select_F1=0.5086 MAE=0.6745 seconds=22.0
state_no_gap_seed17 epoch=10 loss=1.0738 clean_F1=0.5141 robust_select_F1=0.5067 MAE=0.6990 seconds=24.4
state_no_gap_seed17 epoch=11 loss=1.0593 clean_F1=0.4973 robust_select_F1=0.4919 MAE=0.6818 seconds=26.9
state_no_gap_seed17 epoch=12 loss=1.0513 clean_F1=0.5010 robust_select_F1=0.4972 MAE=0.6815 seconds=29.4
state_no_gap_seed17 epoch=13 loss=1.0258 clean_F1=0.5292 robust_select_F1=0.5230 MAE=0.6745 seconds=31.9
state_no_gap_seed17 epoch=14 loss=1.0093 clean_F1=0.5093 robust_select_F1=0.5067 MAE=0.6816 seconds=34.4
Completed state_no_gap_seed17
state_no_history_seed17 epoch=1 loss=1.4833 clean_F1=0.3550 robust_select_F1=0.3585 MAE=0.7173 seconds=1.1
state_no_history_seed17 epoch=2 loss=1.3101 clean_F1=0.4278 robust_select_F1=0.4283 MAE=0.6900 seconds=2.2
state_no_history_seed17 epoch=3 loss=1.2428 clean_F1=0.4701 robust_select_F1=0.4781 MAE=0.6831 seconds=3.4
state_no_history_seed17 epoch=4 loss=1.2097 clean_F1=0.5139 robust_select_F1=0.5115 MAE=0.6712 seconds=4.5
state_no_history_seed17 epoch=5 loss=1.1801 clean_F1=0.5049 robust_select_F1=0.5051 MAE=0.6714 seconds=5.6
state_no_history_seed17 epoch=6 loss=1.1450 clean_F1=0.5016 robust_select_F1=0.5045 MAE=0.6808 seconds=6.7
state_no_history_seed17 epoch=7 loss=1.1430 clean_F1=0.5046 robust_select_F1=0.5054 MAE=0.6966 seconds=7.8
state_no_history_seed17 epoch=8 loss=1.1128 clean_F1=0.5412 robust_select_F1=0.5373 MAE=0.6769 seconds=8.9
state_no_history_seed17 epoch=9 loss=1.1139 clean_F1=0.5062 robust_select_F1=0.5065 MAE=0.6869 seconds=10.0
state_no_history_seed17 epoch=10 loss=1.0889 clean_F1=0.4919 robust_select_F1=0.4903 MAE=0.7077 seconds=11.1
state_no_history_seed17 epoch=11 loss=1.0742 clean_F1=0.5130 robust_select_F1=0.5080 MAE=0.6898 seconds=12.1
state_no_history_seed17 epoch=12 loss=1.0662 clean_F1=0.5084 robust_select_F1=0.5067 MAE=0.6905 seconds=13.2
state_no_history_seed17 epoch=13 loss=1.0394 clean_F1=0.5194 robust_select_F1=0.5175 MAE=0.6934 seconds=14.2
state_no_history_seed17 epoch=14 loss=1.0251 clean_F1=0.5167 robust_select_F1=0.5073 MAE=0.6996 seconds=15.3
Completed state_no_history_seed17
smooth_aug_seed17 epoch=1 loss=1.4858 clean_F1=0.3511 robust_select_F1=0.3554 MAE=0.7174 seconds=1.7
smooth_aug_seed17 epoch=2 loss=1.3155 clean_F1=0.4282 robust_select_F1=0.4233 MAE=0.6894 seconds=3.3
smooth_aug_seed17 epoch=3 loss=1.2474 clean_F1=0.4641 robust_select_F1=0.4644 MAE=0.6834 seconds=5.0
smooth_aug_seed17 epoch=4 loss=1.2162 clean_F1=0.5041 robust_select_F1=0.4998 MAE=0.6705 seconds=6.5
smooth_aug_seed17 epoch=5 loss=1.1840 clean_F1=0.5036 robust_select_F1=0.5022 MAE=0.6714 seconds=8.1
smooth_aug_seed17 epoch=6 loss=1.1494 clean_F1=0.5067 robust_select_F1=0.5036 MAE=0.6814 seconds=9.6
smooth_aug_seed17 epoch=7 loss=1.1484 clean_F1=0.5111 robust_select_F1=0.5050 MAE=0.6938 seconds=11.2
smooth_aug_seed17 epoch=8 loss=1.1175 clean_F1=0.5418 robust_select_F1=0.5348 MAE=0.6772 seconds=12.9
smooth_aug_seed17 epoch=9 loss=1.1171 clean_F1=0.5037 robust_select_F1=0.5011 MAE=0.6860 seconds=14.5
smooth_aug_seed17 epoch=10 loss=1.0973 clean_F1=0.4799 robust_select_F1=0.4834 MAE=0.7077 seconds=16.1
smooth_aug_seed17 epoch=11 loss=1.0798 clean_F1=0.5056 robust_select_F1=0.5043 MAE=0.6916 seconds=17.7
smooth_aug_seed17 epoch=12 loss=1.0779 clean_F1=0.5014 robust_select_F1=0.5010 MAE=0.6905 seconds=19.3
smooth_aug_seed17 epoch=13 loss=1.0455 clean_F1=0.5249 robust_select_F1=0.5183 MAE=0.6935 seconds=21.0
smooth_aug_seed17 epoch=14 loss=1.0308 clean_F1=0.5155 robust_select_F1=0.5069 MAE=0.7006 seconds=22.6
Completed smooth_aug_seed17
state_aug_seed29 epoch=1 loss=1.5321 clean_F1=0.3810 robust_select_F1=0.3788 MAE=0.7215 seconds=2.4
state_aug_seed29 epoch=2 loss=1.3391 clean_F1=0.4307 robust_select_F1=0.4375 MAE=0.6947 seconds=4.7
state_aug_seed29 epoch=3 loss=1.2500 clean_F1=0.4592 robust_select_F1=0.4661 MAE=0.6766 seconds=7.2
state_aug_seed29 epoch=4 loss=1.2138 clean_F1=0.4873 robust_select_F1=0.4883 MAE=0.6764 seconds=9.6
state_aug_seed29 epoch=5 loss=1.1944 clean_F1=0.5442 robust_select_F1=0.5275 MAE=0.6776 seconds=12.0
state_aug_seed29 epoch=6 loss=1.1732 clean_F1=0.5113 robust_select_F1=0.5027 MAE=0.6754 seconds=14.5
state_aug_seed29 epoch=7 loss=1.1561 clean_F1=0.5058 robust_select_F1=0.5055 MAE=0.6827 seconds=17.0
state_aug_seed29 epoch=8 loss=1.1371 clean_F1=0.5146 robust_select_F1=0.5008 MAE=0.6800 seconds=19.5
state_aug_seed29 epoch=9 loss=1.1156 clean_F1=0.5141 robust_select_F1=0.5012 MAE=0.6764 seconds=21.9
state_aug_seed29 epoch=10 loss=1.0933 clean_F1=0.5116 robust_select_F1=0.5061 MAE=0.6851 seconds=24.3
state_aug_seed29 epoch=11 loss=1.0716 clean_F1=0.4761 robust_select_F1=0.4852 MAE=0.6885 seconds=26.7
Completed state_aug_seed29
state_aug_seed43 epoch=1 loss=1.4681 clean_F1=0.3743 robust_select_F1=0.3787 MAE=0.7118 seconds=2.6
state_aug_seed43 epoch=2 loss=1.3106 clean_F1=0.4246 robust_select_F1=0.4215 MAE=0.6827 seconds=5.0
state_aug_seed43 epoch=3 loss=1.2371 clean_F1=0.4492 robust_select_F1=0.4478 MAE=0.6804 seconds=7.3
state_aug_seed43 epoch=4 loss=1.2130 clean_F1=0.4680 robust_select_F1=0.4722 MAE=0.6799 seconds=9.7
state_aug_seed43 epoch=5 loss=1.1748 clean_F1=0.5025 robust_select_F1=0.4996 MAE=0.6638 seconds=12.2
state_aug_seed43 epoch=6 loss=1.1425 clean_F1=0.5298 robust_select_F1=0.5200 MAE=0.6720 seconds=14.7
state_aug_seed43 epoch=7 loss=1.1266 clean_F1=0.5037 robust_select_F1=0.4974 MAE=0.6985 seconds=17.1
state_aug_seed43 epoch=8 loss=1.1156 clean_F1=0.5320 robust_select_F1=0.5185 MAE=0.6845 seconds=19.5
state_aug_seed43 epoch=9 loss=1.0933 clean_F1=0.5149 robust_select_F1=0.5122 MAE=0.6826 seconds=22.0
state_aug_seed43 epoch=10 loss=1.0708 clean_F1=0.4964 robust_select_F1=0.4942 MAE=0.6933 seconds=24.4
state_aug_seed43 epoch=11 loss=1.0599 clean_F1=0.5063 robust_select_F1=0.5037 MAE=0.6829 seconds=26.8
state_aug_seed43 epoch=12 loss=1.0453 clean_F1=0.5209 robust_select_F1=0.5103 MAE=0.6873 seconds=29.1
Completed state_aug_seed43
smooth_aug_seed29 epoch=1 loss=1.4955 clean_F1=0.3968 robust_select_F1=0.4007 MAE=0.7123 seconds=1.6
smooth_aug_seed29 epoch=2 loss=1.3024 clean_F1=0.4477 robust_select_F1=0.4569 MAE=0.6834 seconds=3.2
smooth_aug_seed29 epoch=3 loss=1.2266 clean_F1=0.4812 robust_select_F1=0.4817 MAE=0.6638 seconds=4.9
smooth_aug_seed29 epoch=4 loss=1.1995 clean_F1=0.4829 robust_select_F1=0.4840 MAE=0.6701 seconds=6.5
smooth_aug_seed29 epoch=5 loss=1.1820 clean_F1=0.5370 robust_select_F1=0.5219 MAE=0.6678 seconds=8.1
smooth_aug_seed29 epoch=6 loss=1.1586 clean_F1=0.5275 robust_select_F1=0.5145 MAE=0.6738 seconds=9.7
smooth_aug_seed29 epoch=7 loss=1.1474 clean_F1=0.4946 robust_select_F1=0.4924 MAE=0.6893 seconds=11.3
smooth_aug_seed29 epoch=8 loss=1.1248 clean_F1=0.5117 robust_select_F1=0.5060 MAE=0.6823 seconds=13.0
smooth_aug_seed29 epoch=9 loss=1.1074 clean_F1=0.5200 robust_select_F1=0.5048 MAE=0.6802 seconds=14.6
smooth_aug_seed29 epoch=10 loss=1.0855 clean_F1=0.5024 robust_select_F1=0.4978 MAE=0.6881 seconds=16.1
smooth_aug_seed29 epoch=11 loss=1.0646 clean_F1=0.4939 robust_select_F1=0.4910 MAE=0.6982 seconds=17.7
Completed smooth_aug_seed29
smooth_aug_seed43 epoch=1 loss=1.4698 clean_F1=0.3624 robust_select_F1=0.3618 MAE=0.7122 seconds=1.7
smooth_aug_seed43 epoch=2 loss=1.3066 clean_F1=0.4314 robust_select_F1=0.4258 MAE=0.6811 seconds=3.3
smooth_aug_seed43 epoch=3 loss=1.2323 clean_F1=0.4600 robust_select_F1=0.4596 MAE=0.6767 seconds=4.8
smooth_aug_seed43 epoch=4 loss=1.2177 clean_F1=0.4934 robust_select_F1=0.4937 MAE=0.6755 seconds=6.3
smooth_aug_seed43 epoch=5 loss=1.1771 clean_F1=0.5150 robust_select_F1=0.5133 MAE=0.6644 seconds=7.8
smooth_aug_seed43 epoch=6 loss=1.1471 clean_F1=0.5073 robust_select_F1=0.5116 MAE=0.6741 seconds=9.3
smooth_aug_seed43 epoch=7 loss=1.1295 clean_F1=0.4938 robust_select_F1=0.4957 MAE=0.6994 seconds=10.9
smooth_aug_seed43 epoch=8 loss=1.1227 clean_F1=0.5241 robust_select_F1=0.5247 MAE=0.6879 seconds=12.4
smooth_aug_seed43 epoch=9 loss=1.1022 clean_F1=0.5143 robust_select_F1=0.5112 MAE=0.6841 seconds=13.9
smooth_aug_seed43 epoch=10 loss=1.0771 clean_F1=0.5119 robust_select_F1=0.5056 MAE=0.6932 seconds=15.4
smooth_aug_seed43 epoch=11 loss=1.0688 clean_F1=0.5203 robust_select_F1=0.5196 MAE=0.6792 seconds=17.0
smooth_aug_seed43 epoch=12 loss=1.0548 clean_F1=0.5054 robust_select_F1=0.5074 MAE=0.6897 seconds=18.5
smooth_aug_seed43 epoch=13 loss=1.0460 clean_F1=0.4921 robust_select_F1=0.4944 MAE=0.7315 seconds=20.0
smooth_aug_seed43 epoch=14 loss=1.0536 clean_F1=0.5208 robust_select_F1=0.5160 MAE=0.6824 seconds=21.6
Completed smooth_aug_seed43
